[["+_0 +_0 -_1 -_0", -1.0], ["+_0 +_1 -_0 -_0", -4.0], ["+_0 +_1 -_1 -_0", -5.0], ["+_0 +_0 -_0 -_1", -2.0], ["+_0 +_0 -_1 -_1", -3.0], ["+_0 +_1 -_0 -_1", -6.0], ["+_0 +_1 -_1 -_1", -7.0], ["+_0 +_2 -_1 -_2", -1.0], ["+_0 +_3 -_0 -_2", -4.0], ["+_0 +_3 -_1 -_2", -5.0], ["+_0 +_2 -_0 -_3", -2.0], ["+_0 +_2 -_1 -_3", -3.0], ["+_0 +_3 -_0 -_3", -6.0], ["+_0 +_3 -_1 -_3", -7.0], ["+_1 +_0 -_0 -_0", -0.5], ["+_1 +_0 -_1 -_0", -1.5], ["+_1 +_1 -_0 -_0", -4.5], ["+_1 +_1 -_1 -_0", -5.5], ["+_1 +_0 -_0 -_1", -2.5], ["+_1 +_0 -_1 -_1", -3.5], ["+_1 +_1 -_0 -_1", -6.5], ["+_1 +_1 -_1 -_1", -7.5], ["+_1 +_2 -_0 -_2", -0.5], ["+_1 +_2 -_1 -_2", -1.5], ["+_1 +_3 -_0 -_2", -4.5], ["+_1 +_3 -_1 -_2", -5.5], ["+_1 +_2 -_0 -_3", -2.5], ["+_1 +_2 -_1 -_3", -3.5], ["+_1 +_3 -_0 -_3", -6.5], ["+_1 +_3 -_1 -_3", -7.5], ["+_2 +_0 -_3 -_0", -1.0], ["+_2 +_1 -_2 -_0", -4.0], ["+_2 +_1 -_3 -_0", -5.0], ["+_2 +_0 -_2 -_1", -2.0], ["+_2 +_0 -_3 -_1", -3.0], ["+_2 +_1 -_2 -_1", -6.0], ["+_2 +_1 -_3 -_1", -7.0], ["+_2 +_2 -_3 -_2", -1.0], ["+_2 +_3 -_2 -_2", -4.0], ["+_2 +_3 -_3 -_2", -5.0], ["+_2 +_2 -_2 -_3", -2.0], ["+_2 +_2 -_3 -_3", -3.0], ["+_2 +_3 -_2 -_3", -6.0], ["+_2 +_3 -_3 -_3", -7.0], ["+_3 +_0 -_2 -_0", -0.5], ["+_3 +_0 -_3 -_0", -1.5], ["+_3 +_1 -_2 -_0", -4.5], ["+_3 +_1 -_3 -_0", -5.5], ["+_3 +_0 -_2 -_1", -2.5], ["+_3 +_0 -_3 -_1", -3.5], ["+_3 +_1 -_2 -_1", -6.5], ["+_3 +_1 -_3 -_1", -7.5], ["+_3 +_2 -_2 -_2", -0.5], ["+_3 +_2 -_3 -_2", -1.5], ["+_3 +_3 -_2 -_2", -4.5], ["+_3 +_3 -_3 -_2", -5.5], ["+_3 +_2 -_2 -_3", -2.5], ["+_3 +_2 -_3 -_3", -3.5], ["+_3 +_3 -_2 -_3", -6.5], ["+_3 +_3 -_3 -_3", -7.5]]
