[["NNII", -5], ["NNII", 6], ["+-NI", 1], ["NI-+", -4], ["+--+", -5], ["NI+-", 2], ["+-+-", 3], ["NIIN", 6], ["+-IN", 7], ["NNII", 1.5], ["NNII", -2.5], ["-+NI", -0.5], ["INNI", 1.5], ["-+-+", 4.5], ["IN-+", -5.5], ["-++-", -2.5], ["IN+-", 3.5], ["-+IN", -6.5], ["ININ", 7.5], ["NI+-", 1], ["-+NI", -4], ["-++-", -5], ["+-NI", 2], ["+-+-", 3], ["INNI", 6], ["IN+-", 7], ["IINN", -5], ["IINN", 6], ["NI-+", -0.5], ["NIIN", 1.5], ["-+-+", 4.5], ["-+IN", -5.5], ["+--+", -2.5], ["+-IN", 3.5], ["IN-+", -6.5], ["ININ", 7.5], ["IINN", 1.5], ["IINN", -2.5]]