[["+_0 +_0 -_1 -_0", -1.0], ["+_0 +_1 -_0 -_0", -4.0], ["+_0 +_1 -_1 -_0", -5.0], ["+_0 +_0 -_0 -_1", -2.0], ["+_0 +_0 -_1 -_1", -3.0], ["+_0 +_1 -_0 -_1", -6.0], ["+_0 +_1 -_1 -_1", -7.0], ["+_0 +_2 -_0 -_2", -8.0], ["+_0 +_2 -_1 -_2", -9.0], ["+_0 +_3 -_0 -_2", -12.0], ["+_0 +_3 -_1 -_2", -13.0], ["+_0 +_2 -_0 -_3", -10.0], ["+_0 +_2 -_1 -_3", -11.0], ["+_0 +_3 -_0 -_3", -14.0], ["+_0 +_3 -_1 -_3", -15.0], ["+_1 +_0 -_0 -_0", -0.5], ["+_1 +_0 -_1 -_0", -1.5], ["+_1 +_1 -_0 -_0", -4.5], ["+_1 +_1 -_1 -_0", -5.5], ["+_1 +_0 -_0 -_1", -2.5], ["+_1 +_0 -_1 -_1", -3.5], ["+_1 +_1 -_0 -_1", -6.5], ["+_1 +_1 -_1 -_1", -7.5], ["+_1 +_2 -_0 -_2", -8.5], ["+_1 +_2 -_1 -_2", -9.5], ["+_1 +_3 -_0 -_2", -12.5], ["+_1 +_3 -_1 -_2", -13.5], ["+_1 +_2 -_0 -_3", -10.5], ["+_1 +_2 -_1 -_3", -11.5], ["+_1 +_3 -_0 -_3", -14.5], ["+_1 +_3 -_1 -_3", -15.5], ["+_2 +_0 -_2 -_0", -8.0], ["+_2 +_0 -_3 -_0", -10.0], ["+_2 +_1 -_2 -_0", -8.5], ["+_2 +_1 -_3 -_0", -10.5], ["+_2 +_0 -_2 -_1", -9.0], ["+_2 +_0 -_3 -_1", -11.0], ["+_2 +_1 -_2 -_1", -9.5], ["+_2 +_1 -_3 -_1", -11.5], ["+_2 +_2 -_2 -_2", 8.0], ["+_2 +_2 -_3 -_2", 7.0], ["+_2 +_3 -_2 -_2", 4.0], ["+_2 +_3 -_3 -_2", 3.0], ["+_2 +_2 -_2 -_3", 6.0], ["+_2 +_2 -_3 -_3", 5.0], ["+_2 +_3 -_2 -_3", 2.0], ["+_2 +_3 -_3 -_3", 1.0], ["+_3 +_0 -_2 -_0", -12.0], ["+_3 +_0 -_3 -_0", -14.0], ["+_3 +_1 -_2 -_0", -12.5], ["+_3 +_1 -_3 -_0", -14.5], ["+_3 +_0 -_2 -_1", -13.0], ["+_3 +_0 -_3 -_1", -15.0], ["+_3 +_1 -_2 -_1", -13.5], ["+_3 +_1 -_3 -_1", -15.5], ["+_3 +_2 -_2 -_2", 7.5], ["+_3 +_2 -_3 -_2", 6.5], ["+_3 +_3 -_2 -_2", 3.5], ["+_3 +_3 -_3 -_2", 2.5], ["+_3 +_2 -_2 -_3", 5.5], ["+_3 +_2 -_3 -_3", 4.5], ["+_3 +_3 -_2 -_3", 1.5], ["+_3 +_3 -_3 -_3", 0.5]]
